
> advertisement@0.1.0 build
> next build

  Γû▓ Next.js 14.2.15
  - Environments: .env

   Creating an optimized production build ...
 Γ£ô Compiled successfully
   Skipping linting
   Checking validity of types ...
npm : Failed to compile.
At line:1 char:1
+ npm run build > build_output.txt 2>&1
+ ~~~~~~~~~~~~~~~~~~~~~~~~~~~~~~~~~~~~~
    + CategoryInfo          : NotSpecified: (Failed to compile.:String) [], RemoteException
    + FullyQualifiedErrorId : NativeCommandError
 

./src/app/page.tsx:297:14
Type error: Type '{ activeIndex: number; }' is missing the following properties from type 
'CinematicDoubleExposureProps': rotateX, rotateY

[0m [90m 295 |[39m         [33m>[39m[0m
[0m [90m 296 |[39m           [33m<[39m[33mdiv[39m className[33m=[39m[32m"hero-centered-content"[39m 
style[33m=[39m{{ display[33m:[39m [32m'flex'[39m[33m,[39m justifyContent[33m:[39m 
[32m'center'[39m[33m,[39m alignItems[33m:[39m [32m'center'[39m[33m,[39m width[33m:[39m 
[32m'100%'[39m[33m,[39m pointerEvents[33m:[39m [32m'auto'[39m }}[33m>[39m[0m
[0m[31m[1m>[22m[39m[90m 297 |[39m             [33m<[39m[33mCinematicDoubleExposure[39m 
activeIndex[33m=[39m{heroServiceIndex} [33m/[39m[33m>[39m[0m
[0m [90m     |[39m              [31m[1m^[22m[39m[0m
[0m [90m 298 |[39m           [33m<[39m[33m/[39m[33mdiv[39m[33m>[39m[0m
[0m [90m 299 |[39m         [33m<[39m[33m/[39m[33mmotion[39m[33m.[39mdiv[33m>[39m[0m
[0m [90m 300 |[39m[0m
